[backblue.gif]
[fade.gif]
[index.html]
[clean.myweb.hinet.net/kikika/once love.mid]
[clean.myweb.hinet.net/kikika/back_kikika.jpg]
[clean.myweb.hinet.net/kikika/kika.jpg]
[clean.myweb.hinet.net/icon.gif]
[clean.myweb.hinet.net/back_button.jpg]
[clean.myweb.hinet.net/kikika.html]
[clean.myweb.hinet.net/index.html]
[clean.myweb.hinet.net/kikika/heart/1-19.html]
[clean.myweb.hinet.net/kikika/heart/kikika-1.html]
[clean.myweb.hinet.net/kikika/heart/kikika-2.html]
[clean.myweb.hinet.net/kikika/heart/kikika-3.html]
[clean.myweb.hinet.net/kikika/heart/kikika-4.html]
[clean.myweb.hinet.net/kikika/heart/1-5.html]
[clean.myweb.hinet.net/kikika/heart/1-6.html]
[clean.myweb.hinet.net/kikika/heart/1-7.html]
[clean.myweb.hinet.net/kikika/heart/1-8.html]
[clean.myweb.hinet.net/kikika/heart/1-9.html]
[clean.myweb.hinet.net/kikika/heart/1-10.html]
[clean.myweb.hinet.net/kikika/heart/1-11.html]
[clean.myweb.hinet.net/kikika/heart/1-12.html]
[clean.myweb.hinet.net/kikika/heart/1-13.html]
[clean.myweb.hinet.net/kikika/heart/1-14.html]
[clean.myweb.hinet.net/kikika/heart/1-15.html]
[clean.myweb.hinet.net/kikika/heart/1-16.html]
[clean.myweb.hinet.net/kikika/heart/1-17.html]
[clean.myweb.hinet.net/kikika/heart/1-18.html]
[clean.myweb.hinet.net/kikika/climb/2-1.html]
[clean.myweb.hinet.net/kikika/climb/2-2.html]
[clean.myweb.hinet.net/kikika/climb/2-3.html]
[clean.myweb.hinet.net/kikika/climb/2-4.html]
[clean.myweb.hinet.net/kikika/climb/2-5.html]
[clean.myweb.hinet.net/kikika/climb/2-6.html]
[clean.myweb.hinet.net/kikika/climb/2-7.html]
[clean.myweb.hinet.net/kikika/climb/2-8.html]
[clean.myweb.hinet.net/kikika/climb/2-9.html]
[clean.myweb.hinet.net/kikika/climb/2-10.html]
[clean.myweb.hinet.net/kikika/climb/2-11.html]
[clean.myweb.hinet.net/kikika/climb/2-12.html]
[clean.myweb.hinet.net/kikika/climb/2-13.html]
[clean.myweb.hinet.net/kikika/climb/2-14.html]
[clean.myweb.hinet.net/kikika/climb/2-15.html]
[clean.myweb.hinet.net/kikika/climb/2-16.html]
[clean.myweb.hinet.net/kikika/climb/2-17.html]
[clean.myweb.hinet.net/kikika/climb/2-18.html]
[clean.myweb.hinet.net/kikika/climb/2-19.html]
[clean.myweb.hinet.net/kikika/climb/2-20.html]
[clean.myweb.hinet.net/kikika/climb/2-21.html]
[clean.myweb.hinet.net/kikika/climb/2-22.html]
[clean.myweb.hinet.net/kikika/climb/2-23.html]
[clean.myweb.hinet.net/kikika/climb/2-24.html]
[clean.myweb.hinet.net/kikika/climb/2-25.html]
[clean.myweb.hinet.net/kikika/climb/2-26.html]
[clean.myweb.hinet.net/kikika/climb/2-27.html]
[clean.myweb.hinet.net/kikika/climb/2-28.html]
[clean.myweb.hinet.net/kikika/climb/2-29.html]
[clean.myweb.hinet.net/kikika/climb/2-30.html]
[clean.myweb.hinet.net/kikika/climb/2-31.html]
[clean.myweb.hinet.net/kikika/climb/2-32.html]
[clean.myweb.hinet.net/kikika/climb/2-33.html]
[clean.myweb.hinet.net/kikika/climb/2-34.html]
[clean.myweb.hinet.net/kikika/climb/2-35.html]
[clean.myweb.hinet.net/kikika/climb/2-36.html]
[clean.myweb.hinet.net/kikika/climb/2-37.html]
[clean.myweb.hinet.net/kikika/climb/2-38.html]
[clean.myweb.hinet.net/kikika/climb/2-39.html]
[clean.myweb.hinet.net/kikika/climb/2-40.html]
[clean.myweb.hinet.net/kikika/climb/2-41.html]
[clean.myweb.hinet.net/kikika/climb/2-42.html]
[clean.myweb.hinet.net/kikika/climb/2-43.html]
[clean.myweb.hinet.net/kikika/climb/2-44.html]
[clean.myweb.hinet.net/kikika/climb/2-45.html]
[clean.myweb.hinet.net/kikika/climb/3-1.html]
[clean.myweb.hinet.net/kikika/climb/3-2.html]
[clean.myweb.hinet.net/kikika/climb/3-3.html]
[clean.myweb.hinet.net/kikika/climb/3-4.html]
[clean.myweb.hinet.net/kikika/climb/3-5.html]
[clean.myweb.hinet.net/kikika/she/4-1.html]
[clean.myweb.hinet.net/kikika/she/4-2.html]
[clean.myweb.hinet.net/kikika/she/4-3.html]
[clean.myweb.hinet.net/kikika/she/4-4.html]
[clean.myweb.hinet.net/kikika/she/4-5.html]
[clean.myweb.hinet.net/kikika/she/4-7.html]
[clean.myweb.hinet.net/kikika/she/4-8.html]
[clean.myweb.hinet.net/kikika/she/4-9.html]
[clean.myweb.hinet.net/kikika/she/4-11.html]
[clean.myweb.hinet.net/kikika/she/4-12.html]
[clean.myweb.hinet.net/kikika/she/4-10.html]
[clean.myweb.hinet.net/kikika/she/4-6.html]
[clean.myweb.hinet.net/kikika/she/4-13.html]
[clean.myweb.hinet.net/kikika/5-1.html]
[clean.myweb.hinet.net/kikika/5-2.html]
[clean.myweb.hinet.net/kikika/5-3.html]
[clean.myweb.hinet.net/kikika/5-4.html]
[clean.myweb.hinet.net/kikika/5-5.html]
[clean.myweb.hinet.net/kikika/5-6.html]
[clean.myweb.hinet.net/kikika/5-7.html]
[clean.myweb.hinet.net/kikika/5-8.html]
[clean.myweb.hinet.net/kikika/5-9.html]
[clean.myweb.hinet.net/kikika/5-10.html]
[clean.myweb.hinet.net/kikika/5-11.html]
[clean.myweb.hinet.net/kikika/5-12.html]
[clean.myweb.hinet.net/kikika/5-13.html]
[clean.myweb.hinet.net/kikika/5-14.html]
[clean.myweb.hinet.net/mean_page.html]
